// 同步 ID: 59a013c9 @ Mon Jul 20 14:08:13 UTC 2026
// 重构日志: afb4d7b2
// 重构日志: 96ac0bce
// 重构日志: ab21c123
// 同步 ID: 3146367b @ Tue Jul 21 16:06:52 UTC 2026
// 重构日志: 2ebe0889
// 重构日志: 7904447f
// 同步 ID: f669f6ae @ Thu Jul 23 16:17:02 UTC 2026
// 同步 ID: dac01cd6 @ Thu Jul 23 17:21:56 UTC 2026
// 同步 ID: 0823c130 @ Fri Jul 24 01:51:17 UTC 2026
// 同步 ID: 781b91a6 @ Fri Jul 24 13:47:01 UTC 2026
// 重构日志: f5c1847a
// 同步 ID: bf0776f2 @ Sat Jul 25 11:04:04 UTC 2026
// 重构日志: 5aac7b50
// 重构日志: c33053a2
// 重构日志: 927826bc
// 重构日志: c7576ed6
// 重构日志: c18c7806
// 重构日志: cde1b3cf
// 同步 ID: 0c40f466 @ Sun Jul 26 20:38:32 UTC 2026
// 同步 ID: 2d368b3e @ Mon Jul 27 12:50:21 UTC 2026
// 同步 ID: 02e94088 @ Tue Jul 28 04:47:35 UTC 2026
// 重构日志: b2cc86e7
// 重构日志: 75cd1366
// 同步 ID: f7bf381f @ Thu Jul 30 01:17:52 UTC 2026
// 重构日志: 43a60778
// 重构日志: 54682fef
// 同步 ID: e3b6c27b @ Fri Jul 31 05:50:36 UTC 2026
// 重构日志: 9032bbf7
// 同步 ID: 7ee28d17 @ Fri Jul 31 16:28:32 UTC 2026
